[0.010s] Invoking command in '/home/raz/projects/ros2_robotics_simulation/ros2_ws/build/my_robot_bringup': /usr/bin/cmake /home/raz/projects/ros2_robotics_simulation/ros2_ws/src/my_robot_bringup -DCMAKE_INSTALL_PREFIX=/home/raz/projects/ros2_robotics_simulation/ros2_ws/install/my_robot_bringup
[0.019s] -- Found ament_cmake: 1.3.10 (/opt/ros/humble/share/ament_cmake/cmake)
[0.160s] Error parsing '/home/raz/projects/ros2_robotics_simulation/ros2_ws/src/my_robot_bringup/package.xml':
[0.194s] Traceback (most recent call last):
[0.194s]   File "/usr/lib/python3/dist-packages/catkin_pkg/package.py", line 610, in parse_package_string
[0.194s]     root = dom.parseString(data)
[0.195s]   File "/usr/lib/python3.10/xml/dom/minidom.py", line 2000, in parseString
[0.195s]     return expatbuilder.parseString(string)
[0.195s]   File "/usr/lib/python3.10/xml/dom/expatbuilder.py", line 925, in parseString
[0.195s]     return builder.parseString(string)
[0.195s]   File "/usr/lib/python3.10/xml/dom/expatbuilder.py", line 223, in parseString
[0.195s]     parser.Parse(string, True)
[0.195s] xml.parsers.expat.ExpatError: mismatched tag: line 22, column 2
[0.195s] 
[0.195s] During handling of the above exception, another exception occurred:
[0.195s] 
[0.195s] Traceback (most recent call last):
[0.195s]   File "/opt/ros/humble/share/ament_cmake_core/cmake/core/package_xml_2_cmake.py", line 150, in <module>
[0.196s]     main()
[0.196s]   File "/opt/ros/humble/share/ament_cmake_core/cmake/core/package_xml_2_cmake.py", line 53, in main
[0.196s]     raise e
[0.196s]   File "/opt/ros/humble/share/ament_cmake_core/cmake/core/package_xml_2_cmake.py", line 49, in main
[0.196s]     package = parse_package_string(
[0.196s]   File "/usr/lib/python3/dist-packages/catkin_pkg/package.py", line 612, in parse_package_string
[0.196s]     raise InvalidPackage('The manifest contains invalid XML:\n%s' % ex, filename)
[0.196s] catkin_pkg.package.InvalidPackage: Error(s) in package '/home/raz/projects/ros2_robotics_simulation/ros2_ws/src/my_robot_bringup/package.xml':
[0.196s] The manifest contains invalid XML:
[0.196s] mismatched tag: line 22, column 2
[0.205s] [31mCMake Error at /opt/ros/humble/share/ament_cmake_core/cmake/core/ament_package_xml.cmake:95 (message):
[0.205s]   execute_process(/usr/bin/python3
[0.205s]   /opt/ros/humble/share/ament_cmake_core/cmake/core/package_xml_2_cmake.py
[0.205s]   /home/raz/projects/ros2_robotics_simulation/ros2_ws/src/my_robot_bringup/package.xml
[0.205s]   /home/raz/projects/ros2_robotics_simulation/ros2_ws/build/my_robot_bringup/ament_cmake_core/package.cmake)
[0.206s]   returned error code 1
[0.206s] Call Stack (most recent call first):
[0.206s]   /opt/ros/humble/share/ament_cmake_core/cmake/core/ament_package_xml.cmake:49 (_ament_package_xml)
[0.206s]   /opt/ros/humble/share/ament_cmake_core/cmake/core/ament_package.cmake:63 (ament_package_xml)
[0.206s]   CMakeLists.txt:16 (ament_package)
[0.206s] 
[0.206s] [0m
[0.206s] -- Configuring incomplete, errors occurred!
[0.206s] See also "/home/raz/projects/ros2_robotics_simulation/ros2_ws/build/my_robot_bringup/CMakeFiles/CMakeOutput.log".
[0.207s] Invoked command in '/home/raz/projects/ros2_robotics_simulation/ros2_ws/build/my_robot_bringup' returned '1': /usr/bin/cmake /home/raz/projects/ros2_robotics_simulation/ros2_ws/src/my_robot_bringup -DCMAKE_INSTALL_PREFIX=/home/raz/projects/ros2_robotics_simulation/ros2_ws/install/my_robot_bringup
